[INFO] Scanning for projects...
[INFO] ------------------------------------------------------------------------
[INFO] Building RebelHotel
[INFO]    task-segment: [test]
[INFO] ------------------------------------------------------------------------
[INFO] [aspectj:compile {execution: default}]
[WARNING] advice defined in org.springframework.mock.staticmock.AnnotationDrivenStaticEntityMockingControl has not been applied [Xlint:adviceDidNotMatch]
[WARNING] advice defined in org.springframework.mock.staticmock.AbstractMethodMockingControl has not been applied [Xlint:adviceDidNotMatch]
[INFO] [resources:resources {execution: default-resources}]
[INFO] Using 'UTF-8' encoding to copy filtered resources.
[INFO] Copying 5 resources
[INFO] [compiler:compile {execution: default-compile}]
[INFO] Nothing to compile - all classes are up to date
[INFO] [aspectj:test-compile {execution: default}]
[WARNING] advice defined in org.springframework.orm.jpa.aspectj.JpaExceptionTranslatorAspect has not been applied [Xlint:adviceDidNotMatch]
[WARNING] advice defined in org.springframework.mock.staticmock.AnnotationDrivenStaticEntityMockingControl has not been applied [Xlint:adviceDidNotMatch]
[WARNING] advice defined in org.springframework.mock.staticmock.AbstractMethodMockingControl has not been applied [Xlint:adviceDidNotMatch]
[WARNING] advice defined in org.springframework.mock.staticmock.AbstractMethodMockingControl has not been applied [Xlint:adviceDidNotMatch]
[WARNING] advice defined in org.springframework.scheduling.aspectj.AbstractAsyncExecutionAspect has not been applied [Xlint:adviceDidNotMatch]
[INFO] [resources:testResources {execution: default-testResources}]
[INFO] Using 'UTF-8' encoding to copy filtered resources.
[INFO] Copying 0 resource
[INFO] [compiler:testCompile {execution: default-testCompile}]
[INFO] Nothing to compile - all classes are up to date
[INFO] [surefire:test {execution: default-test}]
[INFO] Surefire report directory: c:\Documents and Settings\suzie\RebelHotel\RebelHotel\RebelHotel\target\surefire-reports


-------------------------------------------------------
 T E S T S
-------------------------------------------------------
Running edu.unlv.cs.rebelhotel.domain.WorkEffortIntegrationTest

Tests run: 9, Failures: 0, Errors: 0, Skipped: 0, Time elapsed: 14.062 sec
Running edu.unlv.cs.rebelhotel.domain.WorkTemplateIntegrationTest
Tests run: 9, Failures: 0, Errors: 0, Skipped: 0, Time elapsed: 0.203 sec
Running edu.unlv.cs.rebelhotel.domain.TermIntegrationTest
Tests run: 9, Failures: 0, Errors: 0, Skipped: 0, Time elapsed: 0.25 sec
Running edu.unlv.cs.rebelhotel.domain.MajorIntegrationTest
Tests run: 9, Failures: 0, Errors: 0, Skipped: 0, Time elapsed: 0.25 sec
Running edu.unlv.cs.rebelhotel.domain.StudentIntegrationTest
Tests run: 9, Failures: 0, Errors: 0, Skipped: 0, Time elapsed: 0.578 sec
Running edu.unlv.cs.rebelhotel.domain.WorkRequirementIntegrationTest
Tests run: 9, Failures: 0, Errors: 0, Skipped: 0, Time elapsed: 0.234 sec
Running edu.unlv.cs.rebelhotel.domain.UserAccountIntegrationTest
Tests run: 9, Failures: 0, Errors: 0, Skipped: 0, Time elapsed: 0.235 sec

Results :

Tests run: 63, Failures: 0, Errors: 0, Skipped: 0

Please refer to F:\Documents and Settings\Alan_Workstation\workspace\RebelHotel\target\surefire-reports for the individual test results.
[INFO] ------------------------------------------------------------------------
[INFO] For more information, run Maven with the -e switch
[INFO] ------------------------------------------------------------------------
[INFO] Total time: 45 seconds
[INFO] Finished at: Wed Mar 30 19:23:09 PDT 2011
[INFO] Final Memory: 35M/247M
[INFO] ------------------------------------------------------------------------
